// Jest Snapshot v1, https://goo.gl/fbAQLP

exports[`EventList tests Compares EventList to snapshot 1`] = `
ShallowWrapper {
  Symbol(enzyme.__root__): [Circular],
  Symbol(enzyme.__unrendered__): <EventList
    categories={
      Object {
        "-LAlvCmIWNzYKpa7-7HI": Object {
          "abbreviation": "Lautapelit",
          "logo": "152719272536668394",
          "name": "Lautapelit / Board games",
        },
        "-LCmESny8m9JVEFQ_qOt": Object {
          "abbreviation": "PKM",
          "logo": "152722747904159438",
          "name": "PokÃ©mon",
          "type": "TCG",
        },
        "-LDImTAGxkzrorL0tQdi": Object {
          "abbreviation": "VG",
          "logo": "152719372155055672",
          "name": "Videogames",
        },
        "-LDIw-1LFgiM0EJZGfus": Object {
          "abbreviation": "Necromunda",
          "logo": "15271953483568546",
          "name": "Necromunda",
          "type": "Miniatures",
        },
        "category1": Object {
          "abbreviation": "WH40K",
          "logo": "1527227370219137123",
          "name": "Warhammer 40,000",
          "type": "Miniatures",
        },
        "category2": Object {
          "abbreviation": "MtG",
          "logo": "152722965771313789",
          "name": "Magic: The Gathering",
          "type": "TCG",
        },
      }
    }
    events={
      Array [
        Object {
          "key": "mockEvent2",
          "value": Object {
            "category": "category2",
            "createDate": "2018-05-20T16:46:32.009Z",
            "date": "2018-05-20",
            "entryFee": "6",
            "format": "Standard",
            "name": "Tapahtuma",
            "notes": "FIJoijgasdsdgasdggagads",
            "playerSlots": "14",
            "prizes": "Foooooooooooooooo",
            "rulesLevel": "Competitive",
            "time": "10:00",
          },
        },
        Object {
          "key": "mockEvent3",
          "value": Object {
            "category": "category2",
            "createDate": "2018-05-20T16:04:29.595Z",
            "date": "2018-05-21",
            "entryFee": "5",
            "format": "Modern",
            "link": "https://magic.wizards.com/en/game-info/gameplay/formats/modern",
            "name": "Monday Modern",
            "notes": "Bring a friend!",
            "playerSlots": "31",
            "prizes": "Three (3) OMG credits per player into the prizepool.",
            "published": true,
            "rulesLevel": "Regular",
            "time": "19:00",
          },
        },
        Object {
          "key": "mockEvent4",
          "value": Object {
            "category": "-LDIw-1LFgiM0EJZGfus",
            "createDate": "2018-05-24T20:58:06.938Z",
            "date": "2018-05-24",
            "entryFee": "5",
            "format": "League",
            "link": "jokulinkki.fi",
            "name": "Necromunda League",
            "notes": "Shame! Shame! Shame! *DING DING DING*",
            "playerSlots": "12",
            "prizes": "I am Loot.",
            "published": true,
            "rulesLevel": "Casual",
            "time": "17:00",
          },
        },
        Object {
          "key": "mockEvent5",
          "value": Object {
            "category": "-LAlvCmIWNzYKpa7-7HI",
            "createDate": "2018-05-24T17:01:53.909Z",
            "date": "2018-05-26",
            "entryFee": "0",
            "format": "Board game",
            "link": "https://geekandsundry.com/international-tabletop-day-april-28-2018/",
            "name": "Lautapeli Lauantai",
            "notes": "Bring a friend and get a surprise gift!",
            "playerSlots": "30",
            "prizes": "A Supi's surprise prize for all participants!",
            "published": true,
            "rulesLevel": "Casual",
            "time": "00:00",
          },
        },
        Object {
          "key": "mockEventId1",
          "value": Object {
            "category": "category1",
            "createDate": "2018-05-24T17:00:46.500Z",
            "date": "2018-09-24",
            "entryFee": "10",
            "format": "Miniatures",
            "link": "http://www.google.fi",
            "name": "Warhammer thing",
            "notes": "Bring your war face!",
            "playerSlots": "10",
            "prizes": "Glory!",
            "published": true,
            "rulesLevel": "Casual",
            "time": "Kill everything",
          },
        },
      ]
    }
    participations={
      Object {
        "mockEventId1": Object {
          "mockUserId": Object {
            "comment": "Jee",
            "date": "2018-06-23T09:40:26.992Z",
            "firstName": "Test",
            "lastName": "Person",
            "userId": "mockUserId",
          },
        },
      }
    }
    profile={
      Object {
        "avatarUrl": "https://foo.com/picture",
        "dciNumber": "123512351112",
        "displayName": "Test Person",
        "email": "fake@fake.com",
        "firstName": "Test",
        "isEmpty": false,
        "isLoaded": true,
        "lastName": "Person",
        "providerData": Array [
          Object {
            "displayName": "Test Person",
            "email": "fake@fake.com",
            "photoURL": "https://foo.com/picture",
            "providerId": "facebook.com",
            "uid": "1234567890",
          },
        ],
        "role": "admin",
      }
    }
    settings={
      Object {
        "activeLogo": "http://foo.com/image.png",
        "dateFormat": "DD.MM.YYYY",
        "pageSubtitle": "",
        "pageTitle": "",
        "subtitleTextColor": "#000",
        "theme": "darkly",
        "titleBarAngle": "150",
        "titleBarColor": "#000",
        "titleBarColor2": "#ec1c22",
        "titleBarPercentage": "50",
        "titleTextColor": "",
      }
    }
    uploadedCategoryLogos={
      Object {
        "152719272536668394": Object {
          "downloadURL": "http://foo.com/image.png",
        },
        "152719372155055672": Object {
          "downloadURL": "http://foo.com/image.png",
        },
        "15271953483568546": Object {
          "downloadURL": "http://foo.com/image.png",
        },
        "1527227370219137123": Object {
          "downloadURL": "http://foo.com/image.png",
        },
        "152722747904159438": Object {
          "downloadURL": "http://foo.com/image.png",
        },
        "152722965771313789": Object {
          "downloadURL": "http://foo.com/image.png",
        },
      }
    }
  />,
  Symbol(enzyme.__renderer__): Object {
    "batchedUpdates": [Function],
    "getNode": [Function],
    "render": [Function],
    "simulateEvent": [Function],
    "unmount": [Function],
  },
  Symbol(enzyme.__node__): Object {
    "instance": null,
    "key": undefined,
    "nodeType": "class",
    "props": Object {},
    "ref": null,
    "rendered": null,
    "type": [Function],
  },
  Symbol(enzyme.__nodes__): Array [
    Object {
      "instance": null,
      "key": undefined,
      "nodeType": "class",
      "props": Object {},
      "ref": null,
      "rendered": null,
      "type": [Function],
    },
  ],
  Symbol(enzyme.__options__): Object {
    "adapter": ReactSixteenAdapter {
      "options": Object {
        "enableComponentDidUpdateOnSetState": true,
        "lifecycles": Object {
          "componentDidUpdate": Object {
            "onSetState": true,
          },
          "getSnapshotBeforeUpdate": true,
        },
      },
    },
    "attachTo": undefined,
    "hydrateIn": undefined,
  },
}
`;
