// Jest Snapshot v1, https://goo.gl/fbAQLP

exports[`EventList tests Compares EventList to snapshot 1`] = `
<section
  className="section"
>
  <div
    className="container"
  >
    <h1
      className="title"
    >
      <Translate
        id="nextevents"
      />
    </h1>
    <div
      className="columns is-multiline"
    >
      <div
        className="column is-12"
      >
        <Translate
          id="filtereventsbychoosingcategories"
        />
        <Translate>
          <Component />
        </Translate>
      </div>
      <div
        className="column is-12 is-mobile has-text-centered"
      >
        <div
          className="is-one-quarter-desktop is-one-quarter-tablet is-one-third-mobile has-text-centered is-inline-flex"
          key="categoryfilter-category1"
        >
          <button
            className="button is-grouped  is-hidden-mobile image-square"
            onClick={[Function]}
          >
            <img
              alt=""
              className="image is-48x48"
            />
          </button>
          <button
            className="button is-grouped  is-hidden-tablet"
            onClick={[Function]}
          >
            <img
              alt=""
              className="image is-24x24"
            />
          </button>
        </div>
        <div
          className="is-one-quarter-desktop is-one-quarter-tablet is-one-third-mobile has-text-centered is-inline-flex"
          key="categoryfilter-category2"
        >
          <button
            className="button is-grouped  is-hidden-mobile image-square"
            onClick={[Function]}
          >
            <img
              alt=""
              className="image is-48x48"
            />
          </button>
          <button
            className="button is-grouped  is-hidden-tablet"
            onClick={[Function]}
          >
            <img
              alt=""
              className="image is-24x24"
            />
          </button>
        </div>
        <div
          className="is-one-quarter-desktop is-one-quarter-tablet is-one-third-mobile has-text-centered is-inline-flex"
          key="categoryfilter--LAlvCmIWNzYKpa7-7HI"
        >
          <button
            className="button is-grouped  is-hidden-mobile image-square"
            onClick={[Function]}
          >
            <img
              alt=""
              className="image is-48x48"
            />
          </button>
          <button
            className="button is-grouped  is-hidden-tablet"
            onClick={[Function]}
          >
            <img
              alt=""
              className="image is-24x24"
            />
          </button>
        </div>
        <div
          className="is-one-quarter-desktop is-one-quarter-tablet is-one-third-mobile has-text-centered is-inline-flex"
          key="categoryfilter--LCmESny8m9JVEFQ_qOt"
        >
          <button
            className="button is-grouped  is-hidden-mobile image-square"
            onClick={[Function]}
          >
            <img
              alt=""
              className="image is-48x48"
            />
          </button>
          <button
            className="button is-grouped  is-hidden-tablet"
            onClick={[Function]}
          >
            <img
              alt=""
              className="image is-24x24"
            />
          </button>
        </div>
        <div
          className="is-one-quarter-desktop is-one-quarter-tablet is-one-third-mobile has-text-centered is-inline-flex"
          key="categoryfilter--LDImTAGxkzrorL0tQdi"
        >
          <button
            className="button is-grouped  is-hidden-mobile image-square"
            onClick={[Function]}
          >
            <img
              alt=""
              className="image is-48x48"
            />
          </button>
          <button
            className="button is-grouped  is-hidden-tablet"
            onClick={[Function]}
          >
            <img
              alt=""
              className="image is-24x24"
            />
          </button>
        </div>
        <div
          className="is-one-quarter-desktop is-one-quarter-tablet is-one-third-mobile has-text-centered is-inline-flex"
          key="categoryfilter--LDIw-1LFgiM0EJZGfus"
        >
          <button
            className="button is-grouped  is-hidden-mobile image-square"
            onClick={[Function]}
          >
            <img
              alt=""
              className="image is-48x48"
            />
          </button>
          <button
            className="button is-grouped  is-hidden-tablet"
            onClick={[Function]}
          >
            <img
              alt=""
              className="image is-24x24"
            />
          </button>
        </div>
      </div>
      <div
        className="column is-6"
      >
        <h1
          className="title"
        >
          Lokakuu
        </h1>
      </div>
      <div
        className="column is-6"
      >
        <div
          className="buttons has-addons is-right"
        >
          <button
            className="button"
            onClick={[Function]}
          >
            <Translate
              id="previousmonth"
            />
          </button>
          <button
            className="button"
            onClick={[Function]}
          >
            <Translate
              id="nextmonth"
            />
          </button>
        </div>
      </div>
      <Component
        categories={
          Object {
            "-LAlvCmIWNzYKpa7-7HI": Object {
              "abbreviation": "Lautapelit",
              "logo": "152719272536668394",
              "name": "Lautapelit / Board games",
              "type": "Boardgame",
            },
            "-LCmESny8m9JVEFQ_qOt": Object {
              "abbreviation": "PKM",
              "logo": "152722747904159438",
              "name": "PokÃ©mon",
              "type": "TCG",
            },
            "-LDImTAGxkzrorL0tQdi": Object {
              "abbreviation": "VG",
              "logo": "152719372155055672",
              "name": "Videogames",
              "type": "Videogames",
            },
            "-LDIw-1LFgiM0EJZGfus": Object {
              "abbreviation": "Necromunda",
              "logo": "15271953483568546",
              "name": "Necromunda",
              "type": "Miniatures",
            },
            "category1": Object {
              "abbreviation": "WH40K",
              "logo": "1527227370219137123",
              "name": "Warhammer 40,000",
              "type": "Miniatures",
            },
            "category2": Object {
              "abbreviation": "MtG",
              "logo": "152722965771313789",
              "name": "Magic: The Gathering",
              "type": "TCG",
            },
          }
        }
        chunkedCalendar={
          Array [
            Array [
              Object {
                "day": "01",
                "dayLink": "2018/10/01",
                "dayName": "Monday",
                "dayOfWeek": 1,
                "dayString": "01-October-2018",
                "eventsForDay": Array [],
                "ongoingEventsForDay": Array [],
              },
              Object {
                "day": "02",
                "dayLink": "2018/10/02",
                "dayName": "Tuesday",
                "dayOfWeek": 2,
                "dayString": "02-October-2018",
                "eventsForDay": Array [],
                "ongoingEventsForDay": Array [],
              },
              Object {
                "day": "03",
                "dayLink": "2018/10/03",
                "dayName": "Wednesday",
                "dayOfWeek": 3,
                "dayString": "03-October-2018",
                "eventsForDay": Array [],
                "ongoingEventsForDay": Array [],
              },
              Object {
                "day": "04",
                "dayLink": "2018/10/04",
                "dayName": "Thursday",
                "dayOfWeek": 4,
                "dayString": "04-October-2018",
                "eventsForDay": Array [],
                "ongoingEventsForDay": Array [],
              },
              Object {
                "day": "05",
                "dayLink": "2018/10/05",
                "dayName": "Friday",
                "dayOfWeek": 5,
                "dayString": "05-October-2018",
                "eventsForDay": Array [],
                "ongoingEventsForDay": Array [],
              },
              Object {
                "day": "06",
                "dayLink": "2018/10/06",
                "dayName": "Saturday",
                "dayOfWeek": 6,
                "dayString": "06-October-2018",
                "eventsForDay": Array [],
                "ongoingEventsForDay": Array [],
              },
              Object {
                "day": "07",
                "dayLink": "2018/10/07",
                "dayName": "Sunday",
                "dayOfWeek": 0,
                "dayString": "07-October-2018",
                "eventsForDay": Array [],
                "ongoingEventsForDay": Array [],
              },
            ],
            Array [
              Object {
                "day": "08",
                "dayLink": "2018/10/08",
                "dayName": "Monday",
                "dayOfWeek": 1,
                "dayString": "08-October-2018",
                "eventsForDay": Array [],
                "ongoingEventsForDay": Array [],
              },
              Object {
                "day": "09",
                "dayLink": "2018/10/09",
                "dayName": "Tuesday",
                "dayOfWeek": 2,
                "dayString": "09-October-2018",
                "eventsForDay": Array [],
                "ongoingEventsForDay": Array [],
              },
              Object {
                "day": "10",
                "dayLink": "2018/10/10",
                "dayName": "Wednesday",
                "dayOfWeek": 3,
                "dayString": "10-October-2018",
                "eventsForDay": Array [],
                "ongoingEventsForDay": Array [],
              },
              Object {
                "day": "11",
                "dayLink": "2018/10/11",
                "dayName": "Thursday",
                "dayOfWeek": 4,
                "dayString": "11-October-2018",
                "eventsForDay": Array [],
                "ongoingEventsForDay": Array [],
              },
              Object {
                "day": "12",
                "dayLink": "2018/10/12",
                "dayName": "Friday",
                "dayOfWeek": 5,
                "dayString": "12-October-2018",
                "eventsForDay": Array [],
                "ongoingEventsForDay": Array [],
              },
              Object {
                "day": "13",
                "dayLink": "2018/10/13",
                "dayName": "Saturday",
                "dayOfWeek": 6,
                "dayString": "13-October-2018",
                "eventsForDay": Array [],
                "ongoingEventsForDay": Array [],
              },
              Object {
                "day": "14",
                "dayLink": "2018/10/14",
                "dayName": "Sunday",
                "dayOfWeek": 0,
                "dayString": "14-October-2018",
                "eventsForDay": Array [],
                "ongoingEventsForDay": Array [],
              },
            ],
            Array [
              Object {
                "day": "15",
                "dayLink": "2018/10/15",
                "dayName": "Monday",
                "dayOfWeek": 1,
                "dayString": "15-October-2018",
                "eventsForDay": Array [],
                "ongoingEventsForDay": Array [],
              },
              Object {
                "day": "16",
                "dayLink": "2018/10/16",
                "dayName": "Tuesday",
                "dayOfWeek": 2,
                "dayString": "16-October-2018",
                "eventsForDay": Array [],
                "ongoingEventsForDay": Array [],
              },
              Object {
                "day": "17",
                "dayLink": "2018/10/17",
                "dayName": "Wednesday",
                "dayOfWeek": 3,
                "dayString": "17-October-2018",
                "eventsForDay": Array [],
                "ongoingEventsForDay": Array [],
              },
              Object {
                "day": "18",
                "dayLink": "2018/10/18",
                "dayName": "Thursday",
                "dayOfWeek": 4,
                "dayString": "18-October-2018",
                "eventsForDay": Array [],
                "ongoingEventsForDay": Array [],
              },
              Object {
                "day": "19",
                "dayLink": "2018/10/19",
                "dayName": "Friday",
                "dayOfWeek": 5,
                "dayString": "19-October-2018",
                "eventsForDay": Array [],
                "ongoingEventsForDay": Array [],
              },
              Object {
                "day": "20",
                "dayLink": "2018/10/20",
                "dayName": "Saturday",
                "dayOfWeek": 6,
                "dayString": "20-October-2018",
                "eventsForDay": Array [],
                "ongoingEventsForDay": Array [],
              },
              Object {
                "day": "21",
                "dayLink": "2018/10/21",
                "dayName": "Sunday",
                "dayOfWeek": 0,
                "dayString": "21-October-2018",
                "eventsForDay": Array [],
                "ongoingEventsForDay": Array [],
              },
            ],
            Array [
              Object {
                "day": "22",
                "dayLink": "2018/10/22",
                "dayName": "Monday",
                "dayOfWeek": 1,
                "dayString": "22-October-2018",
                "eventsForDay": Array [],
                "ongoingEventsForDay": Array [],
              },
              Object {
                "day": "23",
                "dayLink": "2018/10/23",
                "dayName": "Tuesday",
                "dayOfWeek": 2,
                "dayString": "23-October-2018",
                "eventsForDay": Array [],
                "ongoingEventsForDay": Array [],
              },
              Object {
                "day": "24",
                "dayLink": "2018/10/24",
                "dayName": "Wednesday",
                "dayOfWeek": 3,
                "dayString": "24-October-2018",
                "eventsForDay": Array [],
                "ongoingEventsForDay": Array [],
              },
              Object {
                "day": "25",
                "dayLink": "2018/10/25",
                "dayName": "Thursday",
                "dayOfWeek": 4,
                "dayString": "25-October-2018",
                "eventsForDay": Array [],
                "ongoingEventsForDay": Array [],
              },
              Object {
                "day": "26",
                "dayLink": "2018/10/26",
                "dayName": "Friday",
                "dayOfWeek": 5,
                "dayString": "26-October-2018",
                "eventsForDay": Array [],
                "ongoingEventsForDay": Array [],
              },
              Object {
                "day": "27",
                "dayLink": "2018/10/27",
                "dayName": "Saturday",
                "dayOfWeek": 6,
                "dayString": "27-October-2018",
                "eventsForDay": Array [],
                "ongoingEventsForDay": Array [],
              },
              Object {
                "day": "28",
                "dayLink": "2018/10/28",
                "dayName": "Sunday",
                "dayOfWeek": 0,
                "dayString": "28-October-2018",
                "eventsForDay": Array [],
                "ongoingEventsForDay": Array [],
              },
            ],
            Array [
              Object {
                "day": "29",
                "dayLink": "2018/10/29",
                "dayName": "Monday",
                "dayOfWeek": 1,
                "dayString": "29-October-2018",
                "eventsForDay": Array [],
                "ongoingEventsForDay": Array [],
              },
              Object {
                "day": "30",
                "dayLink": "2018/10/30",
                "dayName": "Tuesday",
                "dayOfWeek": 2,
                "dayString": "30-October-2018",
                "eventsForDay": Array [],
                "ongoingEventsForDay": Array [],
              },
              Object {
                "day": "31",
                "dayLink": "2018/10/31",
                "dayName": "Wednesday",
                "dayOfWeek": 3,
                "dayString": "31-October-2018",
                "eventsForDay": Array [],
                "ongoingEventsForDay": Array [],
              },
              Object {
                "empty": true,
              },
              Object {
                "empty": true,
              },
              Object {
                "empty": true,
              },
              Object {
                "empty": true,
              },
            ],
          ]
        }
        clickDay={[Function]}
        openinghoursexceptions={Object {}}
        settings={
          Object {
            "activeLogo": "http://foo.com/image.png",
            "dateFormat": "DD.MM.YYYY",
            "pageSubtitle": "",
            "pageTitle": "",
            "subtitleTextColor": "#000",
            "theme": "darkly",
            "titleBarAngle": "150",
            "titleBarColor": "#000",
            "titleBarColor2": "#ec1c22",
            "titleBarPercentage": "50",
            "titleTextColor": "",
          }
        }
      />
    </div>
  </div>
</section>
`;
